<html>
<body>
<pre>
<h1>µVision Build Log</h1>
<h2>Project:</h2>
D:\catfly_bootloader-master\catfly_bootloader-master\emoteboot\emoteboot.uvprojx
Project File Date:  08/19/2018

<h2>Output:</h2>
Rebuild target 'bootloader'
compiling core_cm3.c...
compiling system_stm32f10x.c...
compiling misc.c...
compiling stm32f10x_flash.c...
compiling stm32f10x_gpio.c...
compiling stm32f10x_rcc.c...
compiling stm32f10x_usart.c...
compiling main.c...
assembling startup_stm32f10x_xl.s...
compiling stm32f10x_it.c...
compiling debugSerial.c...
compiling delay.c...
compiling flash.c...
compiling frame_parse.c...
compiling sys.c...
compiling usart_driver.c...
linking...
Program Size: Code=4028 RO-data=336 RW-data=88 ZI-data=8728  
After Build - User command #1: fromelf --bin --output=./Objects/emoteboot.bin ./Objects/emoteboot.axf
".\Objects\emoteboot.axf" - 0 Error(s), 0 Warning(s).

<h2>Software Packages used:</h2>

Package Vendor: ARM
                http://www.keil.com/pack/ARM.CMSIS.4.1.0.pack
                ARM::CMSIS:CORE:3.30.0
                CMSIS (Cortex Microcontroller Software Interface Standard)
   * Component: CORE Version: 3.30.0

<h2>Collection of Component include folders:</h2>
  D:\catfly_bootloader-master\catfly_bootloader-master\emoteboot\RTE
  D:\keil1\ARM\CMSIS\4.1.0\CMSIS\Include

<h2>Collection of Component Files used:</h2>

   * Component: ARM::CMSIS:CORE:3.30.0
      Source file:   CMSIS\UserCodeTemplates\ARM\ITM_Retarget.c
</pre>
</body>
</html>
